#! /c/Source/iverilog-install/bin/vvp
:ivl_version "12.0 (devel)" "(s20150603-1539-g2693dd32b)";
:ivl_delay_selection "TYPICAL";
:vpi_time_precision + 0;
:vpi_module "C:\iverilog\lib\ivl\system.vpi";
:vpi_module "C:\iverilog\lib\ivl\vhdl_sys.vpi";
:vpi_module "C:\iverilog\lib\ivl\vhdl_textio.vpi";
:vpi_module "C:\iverilog\lib\ivl\v2005_math.vpi";
:vpi_module "C:\iverilog\lib\ivl\va_math.vpi";
:vpi_module "C:\iverilog\lib\ivl\v2009.vpi";
S_000002c8fb1f9d60 .scope package, "$unit" "$unit" 2 1;
 .timescale 0 0;
S_000002c8fb0c8e40 .scope module, "tb_two_ff" "tb_two_ff" 3 1;
 .timescale 0 0;
v000002c8fb1fb210_0 .var "async_in", 0 0;
v000002c8fb1fb2b0_0 .var "clk", 0 0;
v000002c8fb1fb350_0 .var "rst_n", 0 0;
v000002c8fb1fb3f0_0 .net "sync_out", 0 0, L_000002c8fb0c9bd0;  1 drivers
E_000002c8fb0b5520 .event negedge, v000002c8fb093120_0;
E_000002c8fb0b5c60 .event posedge, v000002c8fb093120_0;
S_000002c8fb0c8fd0 .scope module, "uut" "two_ff" 3 7, 4 1 0, S_000002c8fb0c8e40;
 .timescale 0 0;
    .port_info 0 /INPUT 1 "clk";
    .port_info 1 /INPUT 1 "rst_n";
    .port_info 2 /INPUT 1 "async_in";
    .port_info 3 /OUTPUT 1 "sync_out";
L_000002c8fb0c9bd0 .functor BUFZ 1, v000002c8fb0c9200_0, C4<0>, C4<0>, C4<0>;
v000002c8fb0939a0_0 .net "async_in", 0 0, v000002c8fb1fb210_0;  1 drivers
v000002c8fb093120_0 .net "clk", 0 0, v000002c8fb1fb2b0_0;  1 drivers
v000002c8fb0c9160_0 .var "ff1", 0 0;
v000002c8fb0c9200_0 .var "ff2", 0 0;
v000002c8fb1fb0d0_0 .net "rst_n", 0 0, v000002c8fb1fb350_0;  1 drivers
v000002c8fb1fb170_0 .net "sync_out", 0 0, L_000002c8fb0c9bd0;  alias, 1 drivers
E_000002c8fb0b52e0/0 .event negedge, v000002c8fb1fb0d0_0;
E_000002c8fb0b52e0/1 .event posedge, v000002c8fb093120_0;
E_000002c8fb0b52e0 .event/or E_000002c8fb0b52e0/0, E_000002c8fb0b52e0/1;
    .scope S_000002c8fb0c8fd0;
T_0 ;
    %wait E_000002c8fb0b52e0;
    %load/vec4 v000002c8fb1fb0d0_0;
    %nor/r;
    %flag_set/vec4 8;
    %jmp/0xz  T_0.0, 8;
    %pushi/vec4 0, 0, 1;
    %assign/vec4 v000002c8fb0c9160_0, 0;
    %pushi/vec4 0, 0, 1;
    %assign/vec4 v000002c8fb0c9200_0, 0;
    %jmp T_0.1;
T_0.0 ;
    %load/vec4 v000002c8fb0939a0_0;
    %assign/vec4 v000002c8fb0c9160_0, 0;
    %load/vec4 v000002c8fb0c9160_0;
    %assign/vec4 v000002c8fb0c9200_0, 0;
T_0.1 ;
    %jmp T_0;
    .thread T_0;
    .scope S_000002c8fb0c8e40;
T_1 ;
    %pushi/vec4 0, 0, 1;
    %store/vec4 v000002c8fb1fb2b0_0, 0, 1;
T_1.0 ;
    %delay 5, 0;
    %load/vec4 v000002c8fb1fb2b0_0;
    %inv;
    %store/vec4 v000002c8fb1fb2b0_0, 0, 1;
    %jmp T_1.0;
    %end;
    .thread T_1;
    .scope S_000002c8fb0c8e40;
T_2 ;
    %vpi_call/w 3 20 "$dumpfile", "tb_two_ff.vcd" {0 0 0};
    %vpi_call/w 3 21 "$dumpvars", 32'sb00000000000000000000000000000000, S_000002c8fb0c8e40 {0 0 0};
    %pushi/vec4 0, 0, 1;
    %store/vec4 v000002c8fb1fb350_0, 0, 1;
    %pushi/vec4 0, 0, 1;
    %store/vec4 v000002c8fb1fb210_0, 0, 1;
    %pushi/vec4 2, 0, 32;
T_2.0 %dup/vec4;
    %pushi/vec4 0, 0, 32;
    %cmp/s;
    %jmp/1xz T_2.1, 5;
    %jmp/1 T_2.1, 4;
    %pushi/vec4 1, 0, 32;
    %sub;
    %wait E_000002c8fb0b5c60;
    %jmp T_2.0;
T_2.1 ;
    %pop/vec4 1;
    %wait E_000002c8fb0b5520;
    %pushi/vec4 1, 0, 1;
    %store/vec4 v000002c8fb1fb350_0, 0, 1;
    %load/vec4 v000002c8fb1fb3f0_0;
    %cmpi/ne 0, 0, 1;
    %jmp/0xz  T_2.2, 6;
    %vpi_call/w 3 31 "$error", "Error: sync_out should be 0 after reset" {0 0 0};
T_2.2 ;
    %wait E_000002c8fb0b5520;
    %pushi/vec4 1, 0, 1;
    %store/vec4 v000002c8fb1fb210_0, 0, 1;
    %wait E_000002c8fb0b5c60;
    %wait E_000002c8fb0b5520;
    %load/vec4 v000002c8fb1fb3f0_0;
    %cmpi/ne 0, 0, 1;
    %jmp/0xz  T_2.4, 6;
    %vpi_call/w 3 39 "$error", "Error: sync_out should be 0 after first clock cycle" {0 0 0};
T_2.4 ;
    %wait E_000002c8fb0b5c60;
    %wait E_000002c8fb0b5520;
    %load/vec4 v000002c8fb1fb3f0_0;
    %cmpi/ne 1, 0, 1;
    %jmp/0xz  T_2.6, 6;
    %vpi_call/w 3 44 "$error", "Error: sync_out should be 1 after second clock cycle" {0 0 0};
T_2.6 ;
    %pushi/vec4 0, 0, 1;
    %store/vec4 v000002c8fb1fb210_0, 0, 1;
    %pushi/vec4 2, 0, 32;
T_2.8 %dup/vec4;
    %pushi/vec4 0, 0, 32;
    %cmp/s;
    %jmp/1xz T_2.9, 5;
    %jmp/1 T_2.9, 4;
    %pushi/vec4 1, 0, 32;
    %sub;
    %wait E_000002c8fb0b5c60;
    %jmp T_2.8;
T_2.9 ;
    %pop/vec4 1;
    %wait E_000002c8fb0b5520;
    %delay 1, 0;
    %pushi/vec4 1, 0, 1;
    %store/vec4 v000002c8fb1fb210_0, 0, 1;
    %delay 3, 0;
    %pushi/vec4 0, 0, 1;
    %store/vec4 v000002c8fb1fb210_0, 0, 1;
    %pushi/vec4 2, 0, 32;
T_2.10 %dup/vec4;
    %pushi/vec4 0, 0, 32;
    %cmp/s;
    %jmp/1xz T_2.11, 5;
    %jmp/1 T_2.11, 4;
    %pushi/vec4 1, 0, 32;
    %sub;
    %wait E_000002c8fb0b5c60;
    %jmp T_2.10;
T_2.11 ;
    %pop/vec4 1;
    %wait E_000002c8fb0b5520;
    %load/vec4 v000002c8fb1fb3f0_0;
    %cmpi/ne 0, 0, 1;
    %jmp/0xz  T_2.12, 6;
    %vpi_call/w 3 58 "$error", "Error: sync_out should be 0 after async_in change" {0 0 0};
    %jmp T_2.13;
T_2.12 ;
    %vpi_call/w 3 60 "$display", "Test passed: sync_out is 0 after async_in change" {0 0 0};
T_2.13 ;
    %vpi_call/w 3 62 "$finish" {0 0 0};
    %end;
    .thread T_2;
# The file index is used to find the file name in the following table.
:file_names 5;
    "N/A";
    "<interactive>";
    "-";
    "two_ff_tb.sv";
    "2_ff.sv";
