#! /c/Source/iverilog-install/bin/vvp
:ivl_version "12.0 (devel)" "(s20150603-1539-g2693dd32b)";
:ivl_delay_selection "TYPICAL";
:vpi_time_precision - 12;
:vpi_module "C:\iverilog\lib\ivl\system.vpi";
:vpi_module "C:\iverilog\lib\ivl\vhdl_sys.vpi";
:vpi_module "C:\iverilog\lib\ivl\vhdl_textio.vpi";
:vpi_module "C:\iverilog\lib\ivl\v2005_math.vpi";
:vpi_module "C:\iverilog\lib\ivl\va_math.vpi";
:vpi_module "C:\iverilog\lib\ivl\v2009.vpi";
S_000001f6996792f0 .scope package, "$unit" "$unit" 2 1;
 .timescale 0 0;
S_000001f69968c2e0 .scope module, "tb_cdc" "tb_cdc" 3 3;
 .timescale -9 -12;
v000001f6996de770_0 .var "dst_clk", 0 0;
v000001f6996dee50_0 .net "dst_pulse", 0 0, v000001f6995ca9e0_0;  1 drivers
v000001f6996de450_0 .var "rst_n", 0 0;
v000001f6996de590_0 .net "src_busy", 0 0, v000001f6996dec70_0;  1 drivers
v000001f6996ded10_0 .var "src_clk", 0 0;
v000001f6996de950_0 .var "src_pulse", 0 0;
E_000001f699677360 .event posedge, v000001f6995ca940_0;
E_000001f699677a60 .event negedge, v000001f6995ca940_0;
E_000001f699677ea0 .event negedge, v000001f6996de270_0;
E_000001f699677fa0 .event posedge, v000001f6996de270_0;
S_000001f69968c470 .scope module, "uut" "cdc_handshake" 3 11, 4 1 0, S_000001f69968c2e0;
 .timescale 0 0;
    .port_info 0 /INPUT 1 "src_clk";
    .port_info 1 /INPUT 1 "dst_clk";
    .port_info 2 /INPUT 1 "rst_n";
    .port_info 3 /INPUT 1 "src_pulse";
    .port_info 4 /OUTPUT 1 "src_busy";
    .port_info 5 /OUTPUT 1 "dst_pulse";
v000001f6995cc260_0 .var "ack_sync_ff1", 0 0;
v000001f699679110_0 .var "ack_sync_ff2", 0 0;
v000001f699653120_0 .var "ack_toggle", 0 0;
v000001f6995ca940_0 .net "dst_clk", 0 0, v000001f6996de770_0;  1 drivers
v000001f6995ca9e0_0 .var "dst_pulse", 0 0;
v000001f6995cba90_0 .var "req_sync_d", 0 0;
v000001f6995cbb30_0 .var "req_sync_ff1", 0 0;
v000001f69968c600_0 .var "req_sync_ff2", 0 0;
v000001f6996de4f0_0 .var "req_toggle", 0 0;
v000001f6996de310_0 .net "rst_n", 0 0, v000001f6996de450_0;  1 drivers
v000001f6996dec70_0 .var "src_busy", 0 0;
v000001f6996de270_0 .net "src_clk", 0 0, v000001f6996ded10_0;  1 drivers
v000001f6996de3b0_0 .net "src_pulse", 0 0, v000001f6996de950_0;  1 drivers
E_000001f699677ca0/0 .event negedge, v000001f6996de310_0;
E_000001f699677ca0/1 .event posedge, v000001f6995ca940_0;
E_000001f699677ca0 .event/or E_000001f699677ca0/0, E_000001f699677ca0/1;
E_000001f6996774e0/0 .event negedge, v000001f6996de310_0;
E_000001f6996774e0/1 .event posedge, v000001f6996de270_0;
E_000001f6996774e0 .event/or E_000001f6996774e0/0, E_000001f6996774e0/1;
E_000001f699677160 .event anyedge, v000001f6996de4f0_0, v000001f699679110_0;
    .scope S_000001f69968c470;
T_0 ;
Ewait_0 .event/or E_000001f699677160, E_0x0;
    %wait Ewait_0;
    %load/vec4 v000001f6996de4f0_0;
    %load/vec4 v000001f699679110_0;
    %cmp/ne;
    %flag_get/vec4 4;
    %store/vec4 v000001f6996dec70_0, 0, 1;
    %jmp T_0;
    .thread T_0, $push;
    .scope S_000001f69968c470;
T_1 ;
    %wait E_000001f6996774e0;
    %load/vec4 v000001f6996de310_0;
    %nor/r;
    %flag_set/vec4 8;
    %jmp/0xz  T_1.0, 8;
    %pushi/vec4 0, 0, 1;
    %assign/vec4 v000001f6996de4f0_0, 0;
    %jmp T_1.1;
T_1.0 ;
    %load/vec4 v000001f6996de3b0_0;
    %flag_set/vec4 9;
    %flag_get/vec4 9;
    %jmp/0 T_1.4, 9;
    %load/vec4 v000001f6996dec70_0;
    %nor/r;
    %and;
T_1.4;
    %flag_set/vec4 8;
    %jmp/0xz  T_1.2, 8;
    %load/vec4 v000001f6996de4f0_0;
    %inv;
    %assign/vec4 v000001f6996de4f0_0, 0;
T_1.2 ;
T_1.1 ;
    %jmp T_1;
    .thread T_1;
    .scope S_000001f69968c470;
T_2 ;
    %wait E_000001f699677ca0;
    %load/vec4 v000001f6996de310_0;
    %nor/r;
    %flag_set/vec4 8;
    %jmp/0xz  T_2.0, 8;
    %pushi/vec4 0, 0, 1;
    %assign/vec4 v000001f6995cbb30_0, 0;
    %pushi/vec4 0, 0, 1;
    %assign/vec4 v000001f69968c600_0, 0;
    %jmp T_2.1;
T_2.0 ;
    %load/vec4 v000001f6996de4f0_0;
    %assign/vec4 v000001f6995cbb30_0, 0;
    %load/vec4 v000001f6995cbb30_0;
    %assign/vec4 v000001f69968c600_0, 0;
T_2.1 ;
    %jmp T_2;
    .thread T_2;
    .scope S_000001f69968c470;
T_3 ;
    %wait E_000001f6996774e0;
    %load/vec4 v000001f6996de310_0;
    %nor/r;
    %flag_set/vec4 8;
    %jmp/0xz  T_3.0, 8;
    %pushi/vec4 0, 0, 1;
    %assign/vec4 v000001f6995cc260_0, 0;
    %pushi/vec4 0, 0, 1;
    %assign/vec4 v000001f699679110_0, 0;
    %jmp T_3.1;
T_3.0 ;
    %load/vec4 v000001f699653120_0;
    %assign/vec4 v000001f6995cc260_0, 0;
    %load/vec4 v000001f6995cc260_0;
    %assign/vec4 v000001f699679110_0, 0;
T_3.1 ;
    %jmp T_3;
    .thread T_3;
    .scope S_000001f69968c470;
T_4 ;
    %wait E_000001f699677ca0;
    %load/vec4 v000001f6996de310_0;
    %nor/r;
    %flag_set/vec4 8;
    %jmp/0xz  T_4.0, 8;
    %pushi/vec4 0, 0, 1;
    %assign/vec4 v000001f6995cba90_0, 0;
    %pushi/vec4 0, 0, 1;
    %assign/vec4 v000001f6995ca9e0_0, 0;
    %pushi/vec4 0, 0, 1;
    %assign/vec4 v000001f699653120_0, 0;
    %jmp T_4.1;
T_4.0 ;
    %load/vec4 v000001f69968c600_0;
    %assign/vec4 v000001f6995cba90_0, 0;
    %load/vec4 v000001f6995cba90_0;
    %load/vec4 v000001f69968c600_0;
    %xor;
    %assign/vec4 v000001f6995ca9e0_0, 0;
    %load/vec4 v000001f6995cba90_0;
    %load/vec4 v000001f69968c600_0;
    %xor;
    %flag_set/vec4 8;
    %jmp/0xz  T_4.2, 8;
    %load/vec4 v000001f69968c600_0;
    %assign/vec4 v000001f699653120_0, 0;
T_4.2 ;
T_4.1 ;
    %jmp T_4;
    .thread T_4;
    .scope S_000001f69968c2e0;
T_5 ;
    %pushi/vec4 0, 0, 1;
    %store/vec4 v000001f6996ded10_0, 0, 1;
T_5.0 ;
    %delay 5000, 0;
    %load/vec4 v000001f6996ded10_0;
    %inv;
    %store/vec4 v000001f6996ded10_0, 0, 1;
    %jmp T_5.0;
    %end;
    .thread T_5;
    .scope S_000001f69968c2e0;
T_6 ;
    %pushi/vec4 0, 0, 1;
    %store/vec4 v000001f6996de770_0, 0, 1;
T_6.0 ;
    %delay 10000, 0;
    %load/vec4 v000001f6996de770_0;
    %inv;
    %store/vec4 v000001f6996de770_0, 0, 1;
    %jmp T_6.0;
    %end;
    .thread T_6;
    .scope S_000001f69968c2e0;
T_7 ;
    %vpi_call/w 3 33 "$dumpfile", "tb_cdc.vcd" {0 0 0};
    %vpi_call/w 3 34 "$dumpvars", 32'sb00000000000000000000000000000000, S_000001f69968c2e0 {0 0 0};
    %pushi/vec4 0, 0, 1;
    %store/vec4 v000001f6996de450_0, 0, 1;
    %pushi/vec4 0, 0, 1;
    %store/vec4 v000001f6996de950_0, 0, 1;
    %pushi/vec4 2, 0, 32;
T_7.0 %dup/vec4;
    %pushi/vec4 0, 0, 32;
    %cmp/s;
    %jmp/1xz T_7.1, 5;
    %jmp/1 T_7.1, 4;
    %pushi/vec4 1, 0, 32;
    %sub;
    %wait E_000001f699677fa0;
    %jmp T_7.0;
T_7.1 ;
    %pop/vec4 1;
    %wait E_000001f699677ea0;
    %pushi/vec4 1, 0, 1;
    %store/vec4 v000001f6996de450_0, 0, 1;
    %pushi/vec4 1, 0, 1;
    %store/vec4 v000001f6996de950_0, 0, 1;
    %wait E_000001f699677fa0;
    %wait E_000001f699677ea0;
    %pushi/vec4 0, 0, 1;
    %store/vec4 v000001f6996de950_0, 0, 1;
    %pushi/vec4 2, 0, 32;
T_7.2 %dup/vec4;
    %pushi/vec4 0, 0, 32;
    %cmp/s;
    %jmp/1xz T_7.3, 5;
    %jmp/1 T_7.3, 4;
    %pushi/vec4 1, 0, 32;
    %sub;
    %wait E_000001f699677360;
    %jmp T_7.2;
T_7.3 ;
    %pop/vec4 1;
    %wait E_000001f699677a60;
    %wait E_000001f699677360;
    %delay 1000, 0;
    %load/vec4 v000001f6996dee50_0;
    %cmpi/ne 0, 0, 1;
    %jmp/0xz  T_7.4, 6;
    %vpi_call/w 3 55 "$error", "dst_pulse should be low" {0 0 0};
    %jmp T_7.5;
T_7.4 ;
    %vpi_call/w 3 57 "$display", "dst_pulse correct" {0 0 0};
T_7.5 ;
    %vpi_call/w 3 60 "$finish" {0 0 0};
    %end;
    .thread T_7;
# The file index is used to find the file name in the following table.
:file_names 5;
    "N/A";
    "<interactive>";
    "-";
    "tb_cdc.sv";
    "cdc.sv";
