#! /c/Source/iverilog-install/bin/vvp
:ivl_version "12.0 (devel)" "(s20150603-1539-g2693dd32b)";
:ivl_delay_selection "TYPICAL";
:vpi_time_precision - 12;
:vpi_module "C:\iverilog\lib\ivl\system.vpi";
:vpi_module "C:\iverilog\lib\ivl\vhdl_sys.vpi";
:vpi_module "C:\iverilog\lib\ivl\vhdl_textio.vpi";
:vpi_module "C:\iverilog\lib\ivl\v2005_math.vpi";
:vpi_module "C:\iverilog\lib\ivl\va_math.vpi";
:vpi_module "C:\iverilog\lib\ivl\v2009.vpi";
S_0000013749ea7050 .scope package, "$unit" "$unit" 2 1;
 .timescale 0 0;
S_0000013749ea9310 .scope module, "tb_handshake" "tb_handshake" 3 3;
 .timescale -9 -12;
v0000013749f11060_0 .var "clk", 0 0;
v0000013749f10c00_0 .var "in_data", 7 0;
v0000013749f11240_0 .net "in_ready", 0 0, v0000013749ea94a0_0;  1 drivers
v0000013749f10e80_0 .var "in_valid", 0 0;
v0000013749f10ac0_0 .net "out_data", 7 0, v0000013749eacfe0_0;  1 drivers
v0000013749f10ca0_0 .var "out_ready", 0 0;
v0000013749f117e0_0 .net "out_valid", 0 0, v0000013749ead120_0;  1 drivers
v0000013749f111a0_0 .var "rst_n", 0 0;
E_0000013749eaabe0 .event negedge, v0000013749ea9090_0;
E_0000013749eab320 .event posedge, v0000013749ea9090_0;
S_0000013749eacdb0 .scope module, "uut" "valid_handshake" 3 14, 4 1 0, S_0000013749ea9310;
 .timescale 0 0;
    .port_info 0 /INPUT 1 "clk";
    .port_info 1 /INPUT 1 "rst_n";
    .port_info 2 /INPUT 1 "in_valid";
    .port_info 3 /INPUT 8 "in_data";
    .port_info 4 /INPUT 1 "out_ready";
    .port_info 5 /OUTPUT 1 "in_ready";
    .port_info 6 /OUTPUT 1 "out_valid";
    .port_info 7 /OUTPUT 8 "out_data";
L_0000013749ea4bf0 .functor AND 1, v0000013749f10e80_0, v0000013749ea94a0_0, C4<1>, C4<1>;
L_0000013749ea5590 .functor AND 1, v0000013749ead120_0, v0000013749f10ca0_0, C4<1>, C4<1>;
v0000013749ea9090_0 .net "clk", 0 0, v0000013749f11060_0;  1 drivers
v0000013749ea91d0_0 .var "data_reg", 7 0;
v0000013749e83410_0 .var "full_reg", 0 0;
v0000013749e6c580_0 .net "in_data", 7 0, v0000013749f10c00_0;  1 drivers
v0000013749ea94a0_0 .var "in_ready", 0 0;
v0000013749eacf40_0 .net "in_valid", 0 0, v0000013749f10e80_0;  1 drivers
v0000013749eacfe0_0 .var "out_data", 7 0;
v0000013749ead080_0 .net "out_ready", 0 0, v0000013749f10ca0_0;  1 drivers
v0000013749ead120_0 .var "out_valid", 0 0;
v0000013749e82d20_0 .net "pop", 0 0, L_0000013749ea5590;  1 drivers
v0000013749f11600_0 .net "push", 0 0, L_0000013749ea4bf0;  1 drivers
v0000013749f11560_0 .net "rst_n", 0 0, v0000013749f111a0_0;  1 drivers
E_0000013749eaa920/0 .event negedge, v0000013749f11560_0;
E_0000013749eaa920/1 .event posedge, v0000013749ea9090_0;
E_0000013749eaa920 .event/or E_0000013749eaa920/0, E_0000013749eaa920/1;
E_0000013749eaad20 .event anyedge, v0000013749ea91d0_0, v0000013749e83410_0, v0000013749ead080_0;
    .scope S_0000013749eacdb0;
T_0 ;
Ewait_0 .event/or E_0000013749eaad20, E_0x0;
    %wait Ewait_0;
    %load/vec4 v0000013749ea91d0_0;
    %store/vec4 v0000013749eacfe0_0, 0, 8;
    %load/vec4 v0000013749e83410_0;
    %store/vec4 v0000013749ead120_0, 0, 1;
    %load/vec4 v0000013749e83410_0;
    %nor/r;
    %flag_set/vec4 8;
    %flag_get/vec4 8;
    %jmp/1 T_0.0, 8;
    %load/vec4 v0000013749ead080_0;
    %or;
T_0.0;
    %store/vec4 v0000013749ea94a0_0, 0, 1;
    %jmp T_0;
    .thread T_0, $push;
    .scope S_0000013749eacdb0;
T_1 ;
    %wait E_0000013749eaa920;
    %load/vec4 v0000013749f11560_0;
    %nor/r;
    %flag_set/vec4 8;
    %jmp/0xz  T_1.0, 8;
    %pushi/vec4 0, 0, 8;
    %assign/vec4 v0000013749ea91d0_0, 0;
    %pushi/vec4 0, 0, 1;
    %assign/vec4 v0000013749e83410_0, 0;
    %jmp T_1.1;
T_1.0 ;
    %load/vec4 v0000013749f11600_0;
    %cmpi/e 1, 0, 1;
    %flag_get/vec4 4;
    %jmp/0 T_1.4, 4;
    %load/vec4 v0000013749e82d20_0;
    %pushi/vec4 0, 0, 1;
    %cmp/e;
    %flag_get/vec4 4;
    %and;
T_1.4;
    %flag_set/vec4 8;
    %jmp/0xz  T_1.2, 8;
    %load/vec4 v0000013749e6c580_0;
    %assign/vec4 v0000013749ea91d0_0, 0;
    %pushi/vec4 1, 0, 1;
    %assign/vec4 v0000013749e83410_0, 0;
    %jmp T_1.3;
T_1.2 ;
    %load/vec4 v0000013749f11600_0;
    %cmpi/e 0, 0, 1;
    %flag_get/vec4 4;
    %jmp/0 T_1.7, 4;
    %load/vec4 v0000013749e82d20_0;
    %pushi/vec4 1, 0, 1;
    %cmp/e;
    %flag_get/vec4 4;
    %and;
T_1.7;
    %flag_set/vec4 8;
    %jmp/0xz  T_1.5, 8;
    %pushi/vec4 0, 0, 1;
    %assign/vec4 v0000013749e83410_0, 0;
    %jmp T_1.6;
T_1.5 ;
    %load/vec4 v0000013749f11600_0;
    %cmpi/e 1, 0, 1;
    %flag_get/vec4 4;
    %jmp/0 T_1.10, 4;
    %load/vec4 v0000013749e82d20_0;
    %pushi/vec4 1, 0, 1;
    %cmp/e;
    %flag_get/vec4 4;
    %and;
T_1.10;
    %flag_set/vec4 8;
    %jmp/0xz  T_1.8, 8;
    %load/vec4 v0000013749e6c580_0;
    %assign/vec4 v0000013749ea91d0_0, 0;
    %pushi/vec4 1, 0, 1;
    %assign/vec4 v0000013749e83410_0, 0;
T_1.8 ;
T_1.6 ;
T_1.3 ;
T_1.1 ;
    %jmp T_1;
    .thread T_1;
    .scope S_0000013749ea9310;
T_2 ;
    %pushi/vec4 0, 0, 1;
    %store/vec4 v0000013749f11060_0, 0, 1;
T_2.0 ;
    %delay 5000, 0;
    %load/vec4 v0000013749f11060_0;
    %inv;
    %store/vec4 v0000013749f11060_0, 0, 1;
    %jmp T_2.0;
    %end;
    .thread T_2;
    .scope S_0000013749ea9310;
T_3 ;
    %vpi_call/w 3 36 "$dumpfile", "tb_handshake.vcd" {0 0 0};
    %vpi_call/w 3 37 "$dumpvars", 32'sb00000000000000000000000000000000, S_0000013749ea9310 {0 0 0};
    %pushi/vec4 0, 0, 1;
    %store/vec4 v0000013749f111a0_0, 0, 1;
    %pushi/vec4 0, 0, 1;
    %store/vec4 v0000013749f10e80_0, 0, 1;
    %pushi/vec4 0, 0, 8;
    %store/vec4 v0000013749f10c00_0, 0, 8;
    %pushi/vec4 0, 0, 1;
    %store/vec4 v0000013749f10ca0_0, 0, 1;
    %pushi/vec4 2, 0, 32;
T_3.0 %dup/vec4;
    %pushi/vec4 0, 0, 32;
    %cmp/s;
    %jmp/1xz T_3.1, 5;
    %jmp/1 T_3.1, 4;
    %pushi/vec4 1, 0, 32;
    %sub;
    %wait E_0000013749eab320;
    %jmp T_3.0;
T_3.1 ;
    %pop/vec4 1;
    %pushi/vec4 1, 0, 1;
    %store/vec4 v0000013749f111a0_0, 0, 1;
    %wait E_0000013749eaabe0;
    %load/vec4 v0000013749f117e0_0;
    %cmpi/ne 0, 0, 1;
    %jmp/0xz  T_3.2, 6;
    %vpi_call/w 3 47 "$error", "Error: out_valid should be 0 after reset" {0 0 0};
T_3.2 ;
    %load/vec4 v0000013749f11240_0;
    %cmpi/ne 1, 0, 1;
    %jmp/0xz  T_3.4, 6;
    %vpi_call/w 3 50 "$error", "Error: in_ready should be 1 after reset" {0 0 0};
T_3.4 ;
    %wait E_0000013749eaabe0;
    %pushi/vec4 1, 0, 1;
    %store/vec4 v0000013749f10e80_0, 0, 1;
    %pushi/vec4 25, 0, 8;
    %store/vec4 v0000013749f10c00_0, 0, 8;
    %wait E_0000013749eab320;
    %wait E_0000013749eaabe0;
    %pushi/vec4 0, 0, 1;
    %store/vec4 v0000013749f10e80_0, 0, 1;
    %load/vec4 v0000013749f117e0_0;
    %cmpi/ne 1, 0, 1;
    %jmp/0xz  T_3.6, 6;
    %vpi_call/w 3 63 "$error", "Error: out_valid should be 1 after push" {0 0 0};
T_3.6 ;
    %load/vec4 v0000013749f10ac0_0;
    %cmpi/ne 25, 0, 8;
    %jmp/0xz  T_3.8, 6;
    %vpi_call/w 3 67 "$error", "Error: out_data should be 25 after push" {0 0 0};
T_3.8 ;
    %load/vec4 v0000013749f11240_0;
    %cmpi/ne 0, 0, 1;
    %jmp/0xz  T_3.10, 6;
    %vpi_call/w 3 71 "$error", "Error: in_ready should be 0 while buffer is full and out_ready is 0" {0 0 0};
T_3.10 ;
    %wait E_0000013749eaabe0;
    %pushi/vec4 1, 0, 1;
    %store/vec4 v0000013749f10ca0_0, 0, 1;
    %wait E_0000013749eab320;
    %wait E_0000013749eaabe0;
    %pushi/vec4 0, 0, 1;
    %store/vec4 v0000013749f10ca0_0, 0, 1;
    %load/vec4 v0000013749f117e0_0;
    %cmpi/ne 0, 0, 1;
    %jmp/0xz  T_3.12, 6;
    %vpi_call/w 3 81 "$error", "Error: out_valid should be 0 after pop" {0 0 0};
T_3.12 ;
    %load/vec4 v0000013749f11240_0;
    %cmpi/ne 1, 0, 1;
    %jmp/0xz  T_3.14, 6;
    %vpi_call/w 3 85 "$error", "Error: in_ready should be 1 after pop" {0 0 0};
T_3.14 ;
    %wait E_0000013749eaabe0;
    %pushi/vec4 1, 0, 1;
    %store/vec4 v0000013749f10e80_0, 0, 1;
    %pushi/vec4 50, 0, 8;
    %store/vec4 v0000013749f10c00_0, 0, 8;
    %vpi_call/w 3 93 "$finish" {0 0 0};
    %end;
    .thread T_3;
# The file index is used to find the file name in the following table.
:file_names 5;
    "N/A";
    "<interactive>";
    "-";
    "tb_handshake.sv";
    "valid_handshake.sv";
