#! /c/Source/iverilog-install/bin/vvp
:ivl_version "12.0 (devel)" "(s20150603-1539-g2693dd32b)";
:ivl_delay_selection "TYPICAL";
:vpi_time_precision - 12;
:vpi_module "C:\iverilog\lib\ivl\system.vpi";
:vpi_module "C:\iverilog\lib\ivl\vhdl_sys.vpi";
:vpi_module "C:\iverilog\lib\ivl\vhdl_textio.vpi";
:vpi_module "C:\iverilog\lib\ivl\v2005_math.vpi";
:vpi_module "C:\iverilog\lib\ivl\va_math.vpi";
:vpi_module "C:\iverilog\lib\ivl\v2009.vpi";
S_0000021126cf6840 .scope package, "$unit" "$unit" 2 1;
 .timescale 0 0;
S_0000021126ade5b0 .scope module, "tb_pulse" "tb_pulse" 3 3;
 .timescale -9 -12;
v0000021126d03950_0 .var "dst_clk", 0 0;
v0000021126d03b30_0 .var/i "pulse_count", 31 0;
v0000021126d040d0_0 .var "pulse_in", 0 0;
v0000021126d03f90_0 .net "pulse_out", 0 0, L_0000021126cf7cb0;  1 drivers
v0000021126d04210_0 .var "rst_n", 0 0;
v0000021126d039f0_0 .var "src_clk", 0 0;
E_0000021126ad9480 .event negedge, v0000021126adbd70_0;
E_0000021126ad9900 .event posedge, v0000021126adbd70_0;
E_0000021126ad9bc0 .event negedge, v0000021126adb9b0_0;
E_0000021126ad91c0 .event posedge, v0000021126adb9b0_0;
S_0000021126ade740 .scope module, "uut" "pulse_sync" 3 13, 4 1 0, S_0000021126ade5b0;
 .timescale 0 0;
    .port_info 0 /INPUT 1 "src_clk";
    .port_info 1 /INPUT 1 "dst_clk";
    .port_info 2 /INPUT 1 "rst_n";
    .port_info 3 /INPUT 1 "pulse_in";
    .port_info 4 /OUTPUT 1 "pulse_out";
L_0000021126cf7cb0 .functor XOR 1, v0000021126cf8020_0, v0000021126d03c70_0, C4<0>, C4<0>;
v0000021126adbd70_0 .net "dst_clk", 0 0, v0000021126d03950_0;  1 drivers
v0000021126cd3120_0 .net "pulse_in", 0 0, v0000021126d040d0_0;  1 drivers
v0000021126adbaf0_0 .net "pulse_out", 0 0, L_0000021126cf7cb0;  alias, 1 drivers
v0000021126adb910_0 .net "rst_n", 0 0, v0000021126d04210_0;  1 drivers
v0000021126adb9b0_0 .net "src_clk", 0 0, v0000021126d039f0_0;  1 drivers
v0000021126ade8d0_0 .var "src_toggle", 0 0;
v0000021126ade970_0 .var "sync_ff1", 0 0;
v0000021126cf8020_0 .var "sync_ff2", 0 0;
v0000021126d03c70_0 .var "sync_ff2_d", 0 0;
E_0000021126ad94c0/0 .event negedge, v0000021126adb910_0;
E_0000021126ad94c0/1 .event posedge, v0000021126adbd70_0;
E_0000021126ad94c0 .event/or E_0000021126ad94c0/0, E_0000021126ad94c0/1;
E_0000021126ad9840/0 .event negedge, v0000021126adb910_0;
E_0000021126ad9840/1 .event posedge, v0000021126adb9b0_0;
E_0000021126ad9840 .event/or E_0000021126ad9840/0, E_0000021126ad9840/1;
    .scope S_0000021126ade740;
T_0 ;
    %wait E_0000021126ad9840;
    %load/vec4 v0000021126adb910_0;
    %nor/r;
    %flag_set/vec4 8;
    %jmp/0xz  T_0.0, 8;
    %pushi/vec4 0, 0, 1;
    %assign/vec4 v0000021126ade8d0_0, 0;
    %jmp T_0.1;
T_0.0 ;
    %load/vec4 v0000021126cd3120_0;
    %flag_set/vec4 8;
    %jmp/0xz  T_0.2, 8;
    %load/vec4 v0000021126ade8d0_0;
    %inv;
    %assign/vec4 v0000021126ade8d0_0, 0;
T_0.2 ;
T_0.1 ;
    %jmp T_0;
    .thread T_0;
    .scope S_0000021126ade740;
T_1 ;
    %wait E_0000021126ad94c0;
    %load/vec4 v0000021126adb910_0;
    %nor/r;
    %flag_set/vec4 8;
    %jmp/0xz  T_1.0, 8;
    %pushi/vec4 0, 0, 1;
    %assign/vec4 v0000021126ade970_0, 0;
    %pushi/vec4 0, 0, 1;
    %assign/vec4 v0000021126cf8020_0, 0;
    %pushi/vec4 0, 0, 1;
    %assign/vec4 v0000021126d03c70_0, 0;
    %jmp T_1.1;
T_1.0 ;
    %load/vec4 v0000021126ade8d0_0;
    %assign/vec4 v0000021126ade970_0, 0;
    %load/vec4 v0000021126ade970_0;
    %assign/vec4 v0000021126cf8020_0, 0;
    %load/vec4 v0000021126cf8020_0;
    %assign/vec4 v0000021126d03c70_0, 0;
T_1.1 ;
    %jmp T_1;
    .thread T_1;
    .scope S_0000021126ade5b0;
T_2 ;
    %pushi/vec4 0, 0, 1;
    %store/vec4 v0000021126d039f0_0, 0, 1;
T_2.0 ;
    %delay 5000, 0;
    %load/vec4 v0000021126d039f0_0;
    %inv;
    %store/vec4 v0000021126d039f0_0, 0, 1;
    %jmp T_2.0;
    %end;
    .thread T_2;
    .scope S_0000021126ade5b0;
T_3 ;
    %pushi/vec4 0, 0, 1;
    %store/vec4 v0000021126d03950_0, 0, 1;
T_3.0 ;
    %delay 25000, 0;
    %load/vec4 v0000021126d03950_0;
    %inv;
    %store/vec4 v0000021126d03950_0, 0, 1;
    %jmp T_3.0;
    %end;
    .thread T_3;
    .scope S_0000021126ade5b0;
T_4 ;
    %wait E_0000021126ad94c0;
    %load/vec4 v0000021126d04210_0;
    %nor/r;
    %flag_set/vec4 8;
    %jmp/0xz  T_4.0, 8;
    %pushi/vec4 0, 0, 32;
    %assign/vec4 v0000021126d03b30_0, 0;
    %jmp T_4.1;
T_4.0 ;
    %load/vec4 v0000021126d03f90_0;
    %flag_set/vec4 8;
    %jmp/0xz  T_4.2, 8;
    %load/vec4 v0000021126d03b30_0;
    %addi 1, 0, 32;
    %assign/vec4 v0000021126d03b30_0, 0;
T_4.2 ;
T_4.1 ;
    %jmp T_4;
    .thread T_4;
    .scope S_0000021126ade5b0;
T_5 ;
    %vpi_call/w 3 41 "$dumpfile", "tb_pulse.vcd" {0 0 0};
    %vpi_call/w 3 42 "$dumpvars", 32'sb00000000000000000000000000000000, S_0000021126ade5b0 {0 0 0};
    %pushi/vec4 0, 0, 1;
    %store/vec4 v0000021126d04210_0, 0, 1;
    %pushi/vec4 0, 0, 1;
    %store/vec4 v0000021126d040d0_0, 0, 1;
    %pushi/vec4 2, 0, 32;
T_5.0 %dup/vec4;
    %pushi/vec4 0, 0, 32;
    %cmp/s;
    %jmp/1xz T_5.1, 5;
    %jmp/1 T_5.1, 4;
    %pushi/vec4 1, 0, 32;
    %sub;
    %wait E_0000021126ad91c0;
    %jmp T_5.0;
T_5.1 ;
    %pop/vec4 1;
    %wait E_0000021126ad9bc0;
    %pushi/vec4 1, 0, 1;
    %store/vec4 v0000021126d04210_0, 0, 1;
    %wait E_0000021126ad9900;
    %wait E_0000021126ad9bc0;
    %pushi/vec4 1, 0, 1;
    %store/vec4 v0000021126d040d0_0, 0, 1;
    %wait E_0000021126ad9bc0;
    %pushi/vec4 0, 0, 1;
    %store/vec4 v0000021126d040d0_0, 0, 1;
    %wait E_0000021126ad9bc0;
    %pushi/vec4 1, 0, 1;
    %store/vec4 v0000021126d040d0_0, 0, 1;
    %wait E_0000021126ad9bc0;
    %pushi/vec4 0, 0, 1;
    %store/vec4 v0000021126d040d0_0, 0, 1;
    %pushi/vec4 5, 0, 32;
T_5.2 %dup/vec4;
    %pushi/vec4 0, 0, 32;
    %cmp/s;
    %jmp/1xz T_5.3, 5;
    %jmp/1 T_5.3, 4;
    %pushi/vec4 1, 0, 32;
    %sub;
    %wait E_0000021126ad9900;
    %jmp T_5.2;
T_5.3 ;
    %pop/vec4 1;
    %wait E_0000021126ad9480;
    %vpi_call/w 3 75 "$display", "Sent 2 fast pulses, received %0d pulses", v0000021126d03b30_0 {0 0 0};
    %load/vec4 v0000021126d03b30_0;
    %cmpi/s 2, 0, 32;
    %jmp/0xz  T_5.4, 5;
    %vpi_call/w 3 81 "$display", "Expected result: destination missed pulse(s)" {0 0 0};
    %jmp T_5.5;
T_5.4 ;
    %vpi_call/w 3 85 "$display", "Both pulses were captured in this simulation" {0 0 0};
T_5.5 ;
    %vpi_call/w 3 89 "$finish" {0 0 0};
    %end;
    .thread T_5;
# The file index is used to find the file name in the following table.
:file_names 5;
    "N/A";
    "<interactive>";
    "-";
    "tb_pulse_sync.sv";
    "pulse_sync.sv";
