#! /c/Source/iverilog-install/bin/vvp
:ivl_version "12.0 (devel)" "(s20150603-1539-g2693dd32b)";
:ivl_delay_selection "TYPICAL";
:vpi_time_precision + 0;
:vpi_module "C:\iverilog\lib\ivl\system.vpi";
:vpi_module "C:\iverilog\lib\ivl\vhdl_sys.vpi";
:vpi_module "C:\iverilog\lib\ivl\vhdl_textio.vpi";
:vpi_module "C:\iverilog\lib\ivl\v2005_math.vpi";
:vpi_module "C:\iverilog\lib\ivl\va_math.vpi";
:vpi_module "C:\iverilog\lib\ivl\v2009.vpi";
S_0000027f7f0dfeb0 .scope package, "$unit" "$unit" 2 1;
 .timescale 0 0;
S_0000027f7f0e0040 .scope module, "tb_roundrobin" "tb_roundrobin" 3 1;
 .timescale 0 0;
v0000027f7f0d4340_0 .var "clk", 0 0;
v0000027f7f13d8c0_0 .net "grant", 3 0, v0000027f7f0e0270_0;  1 drivers
v0000027f7f13d6e0_0 .var "req", 3 0;
v0000027f7f13db40_0 .var "rst_n", 0 0;
S_0000027f7f0cf6b0 .scope autotask, "apply_reset" "apply_reset" 3 61, 3 61 0, S_0000027f7f0e0040;
 .timescale 0 0;
E_0000027f7f0ce0a0 .event negedge, v0000027f7f0e01d0_0;
E_0000027f7f0cdaa0 .event posedge, v0000027f7f0e01d0_0;
TD_tb_roundrobin.apply_reset ;
    %pushi/vec4 0, 0, 1;
    %store/vec4 v0000027f7f13db40_0, 0, 1;
    %pushi/vec4 0, 0, 4;
    %store/vec4 v0000027f7f13d6e0_0, 0, 4;
    %pushi/vec4 2, 0, 32;
T_0.0 %dup/vec4;
    %pushi/vec4 0, 0, 32;
    %cmp/s;
    %jmp/1xz T_0.1, 5;
    %jmp/1 T_0.1, 4;
    %pushi/vec4 1, 0, 32;
    %sub;
    %wait E_0000027f7f0cdaa0;
    %jmp T_0.0;
T_0.1 ;
    %pop/vec4 1;
    %wait E_0000027f7f0ce0a0;
    %pushi/vec4 1, 0, 1;
    %store/vec4 v0000027f7f13db40_0, 0, 1;
    %end;
S_0000027f7f0cf840 .scope autotask, "check_arbiter" "check_arbiter" 3 25, 3 25 0, S_0000027f7f0e0040;
 .timescale 0 0;
v0000027f7f0a3410_0 .var "expected_grant", 3 0;
v0000027f7f0a36a0_0 .var "test_req", 3 0;
E_0000027f7f0ce2e0 .event posedge, v0000027f7f0e01d0_0;
E_0000027f7f0cdb60 .event negedge, v0000027f7f0e01d0_0;
TD_tb_roundrobin.check_arbiter ;
    %wait E_0000027f7f0cdb60;
    %load/vec4 v0000027f7f0a36a0_0;
    %store/vec4 v0000027f7f13d6e0_0, 0, 4;
    %delay 1, 0;
    %load/vec4 v0000027f7f13d8c0_0;
    %nor/r;
    %pad/u 4;
    %load/vec4 v0000027f7f0a3410_0;
    %cmp/e;
    %jmp/0xz  T_1.2, 4;
    %vpi_call/w 3 35 "$error", "TEST FAILED. req:%b, expected:%b ,grant%b", v0000027f7f13d6e0_0, v0000027f7f0a3410_0, v0000027f7f13d8c0_0 {0 0 0};
    %jmp T_1.3;
T_1.2 ;
    %vpi_call/w 3 38 "$display", "TEST PASSED. req:%b, expected:%b ,grant%b", v0000027f7f13d6e0_0, v0000027f7f0a3410_0, v0000027f7f13d8c0_0 {0 0 0};
T_1.3 ;
    %vpi_func 3 43 "$onehot0" 1, v0000027f7f13d8c0_0 {0 0 0};
    %nor/r;
    %flag_set/vec4 8;
    %jmp/0xz  T_1.4, 8;
    %vpi_call/w 3 44 "$error", "Birden fazla grant aktif." {0 0 0};
T_1.4 ;
    %load/vec4 v0000027f7f13d8c0_0;
    %load/vec4 v0000027f7f13d6e0_0;
    %and;
    %load/vec4 v0000027f7f13d8c0_0;
    %cmp/ne;
    %jmp/0xz  T_1.6, 6;
    %vpi_call/w 3 48 "$error", "Istek yapmayan requester grant aldi" {0 0 0};
T_1.6 ;
    %wait E_0000027f7f0ce2e0;
    %delay 1, 0;
    %end;
S_0000027f7f0d4020 .scope autotask, "req_check" "req_check" 3 15, 3 15 0, S_0000027f7f0e0040;
 .timescale 0 0;
v0000027f7f0a3130_0 .var "expected_req", 0 0;
TD_tb_roundrobin.req_check ;
    %end;
S_0000027f7f0d41b0 .scope module, "uut" "roundrobin" 3 8, 4 1 0, S_0000027f7f0e0040;
 .timescale 0 0;
    .port_info 0 /INPUT 1 "clk";
    .port_info 1 /INPUT 1 "rst_n";
    .port_info 2 /INPUT 4 "req";
    .port_info 3 /OUTPUT 4 "grant";
v0000027f7f0e01d0_0 .net "clk", 0 0, v0000027f7f0d4340_0;  1 drivers
v0000027f7f0e0270_0 .var "grant", 3 0;
v0000027f7edebe60_0 .var "last_grant", 1 0;
v0000027f7edebf00_0 .var "next_last_grant", 1 0;
v0000027f7f0cf9d0_0 .net "req", 3 0, v0000027f7f13d6e0_0;  1 drivers
v0000027f7f0cfa70_0 .net "rst_n", 0 0, v0000027f7f13db40_0;  1 drivers
E_0000027f7f0cd720/0 .event anyedge, v0000027f7edebe60_0, v0000027f7f0cf9d0_0, v0000027f7f0cf9d0_0, v0000027f7f0cf9d0_0;
E_0000027f7f0cd720/1 .event anyedge, v0000027f7f0cf9d0_0;
E_0000027f7f0cd720 .event/or E_0000027f7f0cd720/0, E_0000027f7f0cd720/1;
E_0000027f7f0ce1a0/0 .event negedge, v0000027f7f0cfa70_0;
E_0000027f7f0ce1a0/1 .event posedge, v0000027f7f0e01d0_0;
E_0000027f7f0ce1a0 .event/or E_0000027f7f0ce1a0/0, E_0000027f7f0ce1a0/1;
    .scope S_0000027f7f0d41b0;
T_3 ;
    %wait E_0000027f7f0ce1a0;
    %load/vec4 v0000027f7f0cfa70_0;
    %nor/r;
    %flag_set/vec4 8;
    %jmp/0xz  T_3.0, 8;
    %pushi/vec4 3, 0, 2;
    %assign/vec4 v0000027f7edebe60_0, 0;
    %jmp T_3.1;
T_3.0 ;
    %load/vec4 v0000027f7edebf00_0;
    %assign/vec4 v0000027f7edebe60_0, 0;
T_3.1 ;
    %jmp T_3;
    .thread T_3;
    .scope S_0000027f7f0d41b0;
T_4 ;
Ewait_0 .event/or E_0000027f7f0cd720, E_0x0;
    %wait Ewait_0;
    %pushi/vec4 0, 0, 4;
    %store/vec4 v0000027f7f0e0270_0, 0, 4;
    %load/vec4 v0000027f7edebe60_0;
    %store/vec4 v0000027f7edebf00_0, 0, 2;
    %load/vec4 v0000027f7edebe60_0;
    %dup/vec4;
    %pushi/vec4 0, 0, 2;
    %cmp/u;
    %jmp/1 T_4.0, 6;
    %dup/vec4;
    %pushi/vec4 1, 0, 2;
    %cmp/u;
    %jmp/1 T_4.1, 6;
    %dup/vec4;
    %pushi/vec4 2, 0, 2;
    %cmp/u;
    %jmp/1 T_4.2, 6;
    %dup/vec4;
    %pushi/vec4 3, 0, 2;
    %cmp/u;
    %jmp/1 T_4.3, 6;
    %pushi/vec4 0, 0, 4;
    %store/vec4 v0000027f7f0e0270_0, 0, 4;
    %pushi/vec4 3, 0, 2;
    %store/vec4 v0000027f7edebf00_0, 0, 2;
    %jmp T_4.5;
T_4.0 ;
    %load/vec4 v0000027f7f0cf9d0_0;
    %parti/s 1, 1, 2;
    %flag_set/vec4 8;
    %jmp/0xz  T_4.6, 8;
    %pushi/vec4 2, 0, 4;
    %store/vec4 v0000027f7f0e0270_0, 0, 4;
    %jmp T_4.7;
T_4.6 ;
    %load/vec4 v0000027f7f0cf9d0_0;
    %parti/s 1, 2, 3;
    %flag_set/vec4 8;
    %jmp/0xz  T_4.8, 8;
    %pushi/vec4 4, 0, 4;
    %store/vec4 v0000027f7f0e0270_0, 0, 4;
    %jmp T_4.9;
T_4.8 ;
    %load/vec4 v0000027f7f0cf9d0_0;
    %parti/s 1, 3, 3;
    %flag_set/vec4 8;
    %jmp/0xz  T_4.10, 8;
    %pushi/vec4 8, 0, 4;
    %store/vec4 v0000027f7f0e0270_0, 0, 4;
    %jmp T_4.11;
T_4.10 ;
    %load/vec4 v0000027f7f0cf9d0_0;
    %parti/s 1, 0, 2;
    %flag_set/vec4 8;
    %jmp/0xz  T_4.12, 8;
    %pushi/vec4 1, 0, 4;
    %store/vec4 v0000027f7f0e0270_0, 0, 4;
T_4.12 ;
T_4.11 ;
T_4.9 ;
T_4.7 ;
    %jmp T_4.5;
T_4.1 ;
    %load/vec4 v0000027f7f0cf9d0_0;
    %parti/s 1, 2, 3;
    %flag_set/vec4 8;
    %jmp/0xz  T_4.14, 8;
    %pushi/vec4 4, 0, 4;
    %store/vec4 v0000027f7f0e0270_0, 0, 4;
    %jmp T_4.15;
T_4.14 ;
    %load/vec4 v0000027f7f0cf9d0_0;
    %parti/s 1, 3, 3;
    %flag_set/vec4 8;
    %jmp/0xz  T_4.16, 8;
    %pushi/vec4 8, 0, 4;
    %store/vec4 v0000027f7f0e0270_0, 0, 4;
    %jmp T_4.17;
T_4.16 ;
    %load/vec4 v0000027f7f0cf9d0_0;
    %parti/s 1, 0, 2;
    %flag_set/vec4 8;
    %jmp/0xz  T_4.18, 8;
    %pushi/vec4 1, 0, 4;
    %store/vec4 v0000027f7f0e0270_0, 0, 4;
    %jmp T_4.19;
T_4.18 ;
    %load/vec4 v0000027f7f0cf9d0_0;
    %parti/s 1, 1, 2;
    %flag_set/vec4 8;
    %jmp/0xz  T_4.20, 8;
    %pushi/vec4 2, 0, 4;
    %store/vec4 v0000027f7f0e0270_0, 0, 4;
T_4.20 ;
T_4.19 ;
T_4.17 ;
T_4.15 ;
    %jmp T_4.5;
T_4.2 ;
    %load/vec4 v0000027f7f0cf9d0_0;
    %parti/s 1, 3, 3;
    %flag_set/vec4 8;
    %jmp/0xz  T_4.22, 8;
    %pushi/vec4 8, 0, 4;
    %store/vec4 v0000027f7f0e0270_0, 0, 4;
    %jmp T_4.23;
T_4.22 ;
    %load/vec4 v0000027f7f0cf9d0_0;
    %parti/s 1, 0, 2;
    %flag_set/vec4 8;
    %jmp/0xz  T_4.24, 8;
    %pushi/vec4 1, 0, 4;
    %store/vec4 v0000027f7f0e0270_0, 0, 4;
    %jmp T_4.25;
T_4.24 ;
    %load/vec4 v0000027f7f0cf9d0_0;
    %parti/s 1, 1, 2;
    %flag_set/vec4 8;
    %jmp/0xz  T_4.26, 8;
    %pushi/vec4 2, 0, 4;
    %store/vec4 v0000027f7f0e0270_0, 0, 4;
    %jmp T_4.27;
T_4.26 ;
    %load/vec4 v0000027f7f0cf9d0_0;
    %parti/s 1, 2, 3;
    %flag_set/vec4 8;
    %jmp/0xz  T_4.28, 8;
    %pushi/vec4 4, 0, 4;
    %store/vec4 v0000027f7f0e0270_0, 0, 4;
T_4.28 ;
T_4.27 ;
T_4.25 ;
T_4.23 ;
    %jmp T_4.5;
T_4.3 ;
    %load/vec4 v0000027f7f0cf9d0_0;
    %parti/s 1, 0, 2;
    %flag_set/vec4 8;
    %jmp/0xz  T_4.30, 8;
    %pushi/vec4 1, 0, 4;
    %store/vec4 v0000027f7f0e0270_0, 0, 4;
    %jmp T_4.31;
T_4.30 ;
    %load/vec4 v0000027f7f0cf9d0_0;
    %parti/s 1, 1, 2;
    %flag_set/vec4 8;
    %jmp/0xz  T_4.32, 8;
    %pushi/vec4 2, 0, 4;
    %store/vec4 v0000027f7f0e0270_0, 0, 4;
    %jmp T_4.33;
T_4.32 ;
    %load/vec4 v0000027f7f0cf9d0_0;
    %parti/s 1, 2, 3;
    %flag_set/vec4 8;
    %jmp/0xz  T_4.34, 8;
    %pushi/vec4 4, 0, 4;
    %store/vec4 v0000027f7f0e0270_0, 0, 4;
    %jmp T_4.35;
T_4.34 ;
    %load/vec4 v0000027f7f0cf9d0_0;
    %parti/s 1, 3, 3;
    %flag_set/vec4 8;
    %jmp/0xz  T_4.36, 8;
    %pushi/vec4 8, 0, 4;
    %store/vec4 v0000027f7f0e0270_0, 0, 4;
T_4.36 ;
T_4.35 ;
T_4.33 ;
T_4.31 ;
    %jmp T_4.5;
T_4.5 ;
    %pop/vec4 1;
    %load/vec4 v0000027f7f0e0270_0;
    %dup/vec4;
    %pushi/vec4 1, 0, 4;
    %cmp/u;
    %jmp/1 T_4.38, 6;
    %dup/vec4;
    %pushi/vec4 2, 0, 4;
    %cmp/u;
    %jmp/1 T_4.39, 6;
    %dup/vec4;
    %pushi/vec4 4, 0, 4;
    %cmp/u;
    %jmp/1 T_4.40, 6;
    %dup/vec4;
    %pushi/vec4 8, 0, 4;
    %cmp/u;
    %jmp/1 T_4.41, 6;
    %load/vec4 v0000027f7edebe60_0;
    %store/vec4 v0000027f7edebf00_0, 0, 2;
    %jmp T_4.43;
T_4.38 ;
    %pushi/vec4 0, 0, 2;
    %store/vec4 v0000027f7edebf00_0, 0, 2;
    %jmp T_4.43;
T_4.39 ;
    %pushi/vec4 1, 0, 2;
    %store/vec4 v0000027f7edebf00_0, 0, 2;
    %jmp T_4.43;
T_4.40 ;
    %pushi/vec4 2, 0, 2;
    %store/vec4 v0000027f7edebf00_0, 0, 2;
    %jmp T_4.43;
T_4.41 ;
    %pushi/vec4 3, 0, 2;
    %store/vec4 v0000027f7edebf00_0, 0, 2;
    %jmp T_4.43;
T_4.43 ;
    %pop/vec4 1;
    %jmp T_4;
    .thread T_4, $push;
    .scope S_0000027f7f0e0040;
T_5 ;
    %pushi/vec4 0, 0, 1;
    %store/vec4 v0000027f7f0d4340_0, 0, 1;
T_5.0 ;
    %delay 5, 0;
    %load/vec4 v0000027f7f0d4340_0;
    %inv;
    %store/vec4 v0000027f7f0d4340_0, 0, 1;
    %jmp T_5.0;
    %end;
    .thread T_5;
    .scope S_0000027f7f0e0040;
T_6 ;
    %pushi/vec4 0, 0, 1;
    %store/vec4 v0000027f7f13db40_0, 0, 1;
    %pushi/vec4 0, 0, 4;
    %store/vec4 v0000027f7f13d6e0_0, 0, 4;
    %alloc S_0000027f7f0cf6b0;
    %fork TD_tb_roundrobin.apply_reset, S_0000027f7f0cf6b0;
    %join;
    %free S_0000027f7f0cf6b0;
    %alloc S_0000027f7f0cf840;
    %pushi/vec4 0, 0, 4;
    %store/vec4 v0000027f7f0a36a0_0, 0, 4;
    %pushi/vec4 0, 0, 4;
    %store/vec4 v0000027f7f0a3410_0, 0, 4;
    %fork TD_tb_roundrobin.check_arbiter, S_0000027f7f0cf840;
    %join;
    %free S_0000027f7f0cf840;
    %alloc S_0000027f7f0cf840;
    %pushi/vec4 1, 0, 4;
    %store/vec4 v0000027f7f0a36a0_0, 0, 4;
    %pushi/vec4 1, 0, 4;
    %store/vec4 v0000027f7f0a3410_0, 0, 4;
    %fork TD_tb_roundrobin.check_arbiter, S_0000027f7f0cf840;
    %join;
    %free S_0000027f7f0cf840;
    %alloc S_0000027f7f0cf840;
    %pushi/vec4 2, 0, 4;
    %store/vec4 v0000027f7f0a36a0_0, 0, 4;
    %pushi/vec4 2, 0, 4;
    %store/vec4 v0000027f7f0a3410_0, 0, 4;
    %fork TD_tb_roundrobin.check_arbiter, S_0000027f7f0cf840;
    %join;
    %free S_0000027f7f0cf840;
    %alloc S_0000027f7f0cf840;
    %pushi/vec4 4, 0, 4;
    %store/vec4 v0000027f7f0a36a0_0, 0, 4;
    %pushi/vec4 4, 0, 4;
    %store/vec4 v0000027f7f0a3410_0, 0, 4;
    %fork TD_tb_roundrobin.check_arbiter, S_0000027f7f0cf840;
    %join;
    %free S_0000027f7f0cf840;
    %alloc S_0000027f7f0cf840;
    %pushi/vec4 8, 0, 4;
    %store/vec4 v0000027f7f0a36a0_0, 0, 4;
    %pushi/vec4 8, 0, 4;
    %store/vec4 v0000027f7f0a3410_0, 0, 4;
    %fork TD_tb_roundrobin.check_arbiter, S_0000027f7f0cf840;
    %join;
    %free S_0000027f7f0cf840;
    %alloc S_0000027f7f0cf6b0;
    %fork TD_tb_roundrobin.apply_reset, S_0000027f7f0cf6b0;
    %join;
    %free S_0000027f7f0cf6b0;
    %alloc S_0000027f7f0cf840;
    %pushi/vec4 15, 0, 4;
    %store/vec4 v0000027f7f0a36a0_0, 0, 4;
    %pushi/vec4 1, 0, 4;
    %store/vec4 v0000027f7f0a3410_0, 0, 4;
    %fork TD_tb_roundrobin.check_arbiter, S_0000027f7f0cf840;
    %join;
    %free S_0000027f7f0cf840;
    %alloc S_0000027f7f0cf840;
    %pushi/vec4 15, 0, 4;
    %store/vec4 v0000027f7f0a36a0_0, 0, 4;
    %pushi/vec4 2, 0, 4;
    %store/vec4 v0000027f7f0a3410_0, 0, 4;
    %fork TD_tb_roundrobin.check_arbiter, S_0000027f7f0cf840;
    %join;
    %free S_0000027f7f0cf840;
    %alloc S_0000027f7f0cf840;
    %pushi/vec4 15, 0, 4;
    %store/vec4 v0000027f7f0a36a0_0, 0, 4;
    %pushi/vec4 4, 0, 4;
    %store/vec4 v0000027f7f0a3410_0, 0, 4;
    %fork TD_tb_roundrobin.check_arbiter, S_0000027f7f0cf840;
    %join;
    %free S_0000027f7f0cf840;
    %alloc S_0000027f7f0cf840;
    %pushi/vec4 15, 0, 4;
    %store/vec4 v0000027f7f0a36a0_0, 0, 4;
    %pushi/vec4 8, 0, 4;
    %store/vec4 v0000027f7f0a3410_0, 0, 4;
    %fork TD_tb_roundrobin.check_arbiter, S_0000027f7f0cf840;
    %join;
    %free S_0000027f7f0cf840;
    %alloc S_0000027f7f0cf840;
    %pushi/vec4 15, 0, 4;
    %store/vec4 v0000027f7f0a36a0_0, 0, 4;
    %pushi/vec4 1, 0, 4;
    %store/vec4 v0000027f7f0a3410_0, 0, 4;
    %fork TD_tb_roundrobin.check_arbiter, S_0000027f7f0cf840;
    %join;
    %free S_0000027f7f0cf840;
    %alloc S_0000027f7f0cf6b0;
    %fork TD_tb_roundrobin.apply_reset, S_0000027f7f0cf6b0;
    %join;
    %free S_0000027f7f0cf6b0;
    %alloc S_0000027f7f0cf840;
    %pushi/vec4 5, 0, 4;
    %store/vec4 v0000027f7f0a36a0_0, 0, 4;
    %pushi/vec4 1, 0, 4;
    %store/vec4 v0000027f7f0a3410_0, 0, 4;
    %fork TD_tb_roundrobin.check_arbiter, S_0000027f7f0cf840;
    %join;
    %free S_0000027f7f0cf840;
    %alloc S_0000027f7f0cf840;
    %pushi/vec4 5, 0, 4;
    %store/vec4 v0000027f7f0a36a0_0, 0, 4;
    %pushi/vec4 4, 0, 4;
    %store/vec4 v0000027f7f0a3410_0, 0, 4;
    %fork TD_tb_roundrobin.check_arbiter, S_0000027f7f0cf840;
    %join;
    %free S_0000027f7f0cf840;
    %alloc S_0000027f7f0cf840;
    %pushi/vec4 5, 0, 4;
    %store/vec4 v0000027f7f0a36a0_0, 0, 4;
    %pushi/vec4 1, 0, 4;
    %store/vec4 v0000027f7f0a3410_0, 0, 4;
    %fork TD_tb_roundrobin.check_arbiter, S_0000027f7f0cf840;
    %join;
    %free S_0000027f7f0cf840;
    %alloc S_0000027f7f0cf840;
    %pushi/vec4 5, 0, 4;
    %store/vec4 v0000027f7f0a36a0_0, 0, 4;
    %pushi/vec4 4, 0, 4;
    %store/vec4 v0000027f7f0a3410_0, 0, 4;
    %fork TD_tb_roundrobin.check_arbiter, S_0000027f7f0cf840;
    %join;
    %free S_0000027f7f0cf840;
    %alloc S_0000027f7f0cf6b0;
    %fork TD_tb_roundrobin.apply_reset, S_0000027f7f0cf6b0;
    %join;
    %free S_0000027f7f0cf6b0;
    %alloc S_0000027f7f0cf840;
    %pushi/vec4 15, 0, 4;
    %store/vec4 v0000027f7f0a36a0_0, 0, 4;
    %pushi/vec4 1, 0, 4;
    %store/vec4 v0000027f7f0a3410_0, 0, 4;
    %fork TD_tb_roundrobin.check_arbiter, S_0000027f7f0cf840;
    %join;
    %free S_0000027f7f0cf840;
    %alloc S_0000027f7f0cf840;
    %pushi/vec4 0, 0, 4;
    %store/vec4 v0000027f7f0a36a0_0, 0, 4;
    %pushi/vec4 0, 0, 4;
    %store/vec4 v0000027f7f0a3410_0, 0, 4;
    %fork TD_tb_roundrobin.check_arbiter, S_0000027f7f0cf840;
    %join;
    %free S_0000027f7f0cf840;
    %alloc S_0000027f7f0cf840;
    %pushi/vec4 0, 0, 4;
    %store/vec4 v0000027f7f0a36a0_0, 0, 4;
    %pushi/vec4 0, 0, 4;
    %store/vec4 v0000027f7f0a3410_0, 0, 4;
    %fork TD_tb_roundrobin.check_arbiter, S_0000027f7f0cf840;
    %join;
    %free S_0000027f7f0cf840;
    %alloc S_0000027f7f0cf840;
    %pushi/vec4 15, 0, 4;
    %store/vec4 v0000027f7f0a36a0_0, 0, 4;
    %pushi/vec4 2, 0, 4;
    %store/vec4 v0000027f7f0a3410_0, 0, 4;
    %fork TD_tb_roundrobin.check_arbiter, S_0000027f7f0cf840;
    %join;
    %free S_0000027f7f0cf840;
    %vpi_call/w 3 116 "$display", "ALL ROUND-ROBIN ARBITER TESTS PASSED" {0 0 0};
    %vpi_call/w 3 117 "$finish" {0 0 0};
    %end;
    .thread T_6;
# The file index is used to find the file name in the following table.
:file_names 5;
    "N/A";
    "<interactive>";
    "-";
    "tb_roundrobin.sv";
    "roundrobin.sv";
